// Jest Snapshot v1, https://goo.gl/fbAQLP

exports[`Header should render component 1`] = `
ShallowWrapper {
  "length": 1,
  Symbol(enzyme.__root__): [Circular],
  Symbol(enzyme.__unrendered__): <Header />,
  Symbol(enzyme.__renderer__): Object {
    "batchedUpdates": [Function],
    "getNode": [Function],
    "render": [Function],
    "simulateEvent": [Function],
    "unmount": [Function],
  },
  Symbol(enzyme.__node__): Object {
    "instance": null,
    "key": null,
    "nodeType": "host",
    "props": Object {
      "children": Array [
        <h1>
          CompeteMe
</h1>,
        <div
          className="headerPrompt"
>
          <h2
                    className="welcome-message"
          >
                    Sign-in using Google to join the competitions!
          </h2>
          <button
                    onClick={[Function]}
          >
                    Log In
          </button>
</div>,
        undefined,
      ],
      "className": "Header",
    },
    "ref": null,
    "rendered": Array [
      Object {
        "instance": null,
        "key": null,
        "nodeType": "host",
        "props": Object {
          "children": "CompeteMe",
        },
        "ref": null,
        "rendered": "CompeteMe",
        "type": "h1",
      },
      Object {
        "instance": null,
        "key": null,
        "nodeType": "host",
        "props": Object {
          "children": Array [
            <h2
              className="welcome-message"
>
              Sign-in using Google to join the competitions!
</h2>,
            <button
              onClick={[Function]}
>
              Log In
</button>,
          ],
          "className": "headerPrompt",
        },
        "ref": null,
        "rendered": Array [
          Object {
            "instance": null,
            "key": null,
            "nodeType": "host",
            "props": Object {
              "children": "Sign-in using Google to join the competitions!",
              "className": "welcome-message",
            },
            "ref": null,
            "rendered": "Sign-in using Google to join the competitions!",
            "type": "h2",
          },
          Object {
            "instance": null,
            "key": null,
            "nodeType": "host",
            "props": Object {
              "children": "Log In",
              "onClick": [Function],
            },
            "ref": null,
            "rendered": "Log In",
            "type": "button",
          },
        ],
        "type": "div",
      },
      undefined,
    ],
    "type": "div",
  },
  Symbol(enzyme.__nodes__): Array [
    Object {
      "instance": null,
      "key": null,
      "nodeType": "host",
      "props": Object {
        "children": Array [
          <h1>
            CompeteMe
</h1>,
          <div
            className="headerPrompt"
>
            <h2
                        className="welcome-message"
            >
                        Sign-in using Google to join the competitions!
            </h2>
            <button
                        onClick={[Function]}
            >
                        Log In
            </button>
</div>,
          undefined,
        ],
        "className": "Header",
      },
      "ref": null,
      "rendered": Array [
        Object {
          "instance": null,
          "key": null,
          "nodeType": "host",
          "props": Object {
            "children": "CompeteMe",
          },
          "ref": null,
          "rendered": "CompeteMe",
          "type": "h1",
        },
        Object {
          "instance": null,
          "key": null,
          "nodeType": "host",
          "props": Object {
            "children": Array [
              <h2
                className="welcome-message"
>
                Sign-in using Google to join the competitions!
</h2>,
              <button
                onClick={[Function]}
>
                Log In
</button>,
            ],
            "className": "headerPrompt",
          },
          "ref": null,
          "rendered": Array [
            Object {
              "instance": null,
              "key": null,
              "nodeType": "host",
              "props": Object {
                "children": "Sign-in using Google to join the competitions!",
                "className": "welcome-message",
              },
              "ref": null,
              "rendered": "Sign-in using Google to join the competitions!",
              "type": "h2",
            },
            Object {
              "instance": null,
              "key": null,
              "nodeType": "host",
              "props": Object {
                "children": "Log In",
                "onClick": [Function],
              },
              "ref": null,
              "rendered": "Log In",
              "type": "button",
            },
          ],
          "type": "div",
        },
        undefined,
      ],
      "type": "div",
    },
  ],
  Symbol(enzyme.__options__): Object {
    "adapter": ReactSixteenAdapter {
      "options": Object {
        "enableComponentDidUpdateOnSetState": true,
      },
    },
  },
}
`;
